asdfj;ljkav
asv

asdvasd


asdvasv
asdv


asvasdca

j
jkh
kg



#$%#
345435
a^b + c^d = 0